[student@workstation ~]$ lab start  inventory-dynamic 

Starting lab.

 · Checking lab systems .............................................................................................................................................. SUCCESS
 · Preparing local environment ....................................................................................................................................... SUCCESS
 · Ensuring the 'ee-supported-rhel8' container is available .......................................................................................................... SUCCESS
 · Creating exercise working directory ............................................................................................................................... SUCCESS
 · Starting the exercise ............................................................................................................................................. SUCCESS

[student@workstation ~]$ ls
config-ansible    config-review  develop-navigator  Documents  git-repos          lab_do374       manage-reusing  manage-selecting  Pictures  Templates
config-navigator  Desktop        develop-practices  Downloads  inventory-dynamic  manage-finding  manage-review   Music             Public    Videos
[student@workstation ~]$ cd inventory-dynamic/
[student@workstation inventory-dynamic]$ ls
ansible.cfg  ansible-navigator.yml  hosts  inventorya.py  inventoryw.py  __pycache__
[student@workstation inventory-dynamic]$ cat ansible.cfg 
[defaults]
inventory = inventory
[student@workstation inventory-dynamic]$ mkdir inventory 
[student@workstation inventory-dynamic]$ ls
ansible.cfg  ansible-navigator.yml  hosts  inventory  inventorya.py  inventoryw.py  __pycache__
[student@workstation inventory-dynamic]$ tree 
.
├── ansible.cfg
├── ansible-navigator.yml
├── hosts
├── inventory
├── inventorya.py
├── inventoryw.py
└── __pycache__
    ├── inventorya.cpython-36.pyc
    └── inventoryw.cpython-36.pyc

2 directories, 7 files
[student@workstation inventory-dynamic]$ mv *.py hosts inventory/
[student@workstation inventory-dynamic]$ tree 
.
├── ansible.cfg
├── ansible-navigator.yml
├── inventory
│   ├── hosts
│   ├── inventorya.py
│   └── inventoryw.py
└── __pycache__
    ├── inventorya.cpython-36.pyc
    └── inventoryw.cpython-36.pyc

2 directories, 7 files
[student@workstation inventory-dynamic]$ ansible-navigator inventory --mode stdout -i inventory/inventorya.py --graph webservers
[WARNING]:  * Failed to parse /home/student/inventory-dynamic/inventory/inventorya.py with script plugin: problem running /home/student/inventory-
dynamic/inventory/inventorya.py --list ([Errno 13] Permission denied: '/home/student/inventory-dynamic/inventory/inventorya.py')
[WARNING]:  * Failed to parse /home/student/inventory-dynamic/inventory/inventorya.py with ini plugin: /home/student/inventory-dynamic/inventory/inventorya.py:3: Expected
key=value host variable assignment, got: subprocess
[WARNING]: Unable to parse /home/student/inventory-dynamic/inventory/inventorya.py as an inventory source
[WARNING]: No inventory was parsed, only implicit localhost is available
usage: ansible-inventory [-h] [--version] [-v] [-i INVENTORY] [--vault-id VAULT_IDS] [--ask-vault-password | --vault-password-file VAULT_PASSWORD_FILES]
                         [--playbook-dir BASEDIR] [-e EXTRA_VARS] [--list] [--host HOST] [--graph] [-y] [--toml] [--vars] [--export] [--output OUTPUT_FILE]
                         [host|group]

positional arguments:
  host|group

optional arguments:
  --ask-vault-password, --ask-vault-pass
                        ask for vault password
  --export              When doing an --list, represent in a way that is optimized for export,not as an accurate representation of how Ansible has processed it
  --output OUTPUT_FILE  When doing --list, send the inventory to a file instead of to the screen
  --playbook-dir BASEDIR
                        Since this tool does not use playbooks, use this as a substitute playbook directory.This sets the relative path for many features including roles/
                        group_vars/ etc.
  --toml                Use TOML format instead of default JSON, ignored for --graph
  --vars                Add vars to graph display, ignored unless used with --graph
  --vault-id VAULT_IDS  the vault identity to use
  --vault-password-file VAULT_PASSWORD_FILES, --vault-pass-file VAULT_PASSWORD_FILES
                        vault password file
  --version             show program's version number, config file location, configured module search path, module location, executable location and exit
  -e EXTRA_VARS, --extra-vars EXTRA_VARS
                        set additional variables as key=value or YAML/JSON, if filename prepend with @
  -h, --help            show this help message and exit
  -i INVENTORY, --inventory INVENTORY, --inventory-file INVENTORY
                        specify inventory host path or comma separated host list. --inventory-file is deprecated
  -v, --verbose         verbose mode (-vvv for more, -vvvv to enable connection debugging)
  -y, --yaml            Use YAML format instead of default JSON, ignored for --graph

Actions:
  One of following must be used on invocation, ONLY ONE!

  --graph               create inventory graph, if supplying pattern it must be a valid group name
  --host HOST           Output specific host info, works as inventory script
  --list                Output all hosts info, works as inventory script

Show Ansible inventory information, by default it uses the inventory script JSON format
ERROR! Pattern must be valid group name when using --graph
[student@workstation inventory-dynamic]$ ls -l inventory/
total 12
-rw-rw-r--. 1 student student  30 Mar 14 22:32 hosts
-rw-rw-r--. 1 student student 640 Mar 14 22:32 inventorya.py
-rw-rw-r--. 1 student student 617 Mar 14 22:32 inventoryw.py
[student@workstation inventory-dynamic]$ 
[student@workstation inventory-dynamic]$ 
[student@workstation inventory-dynamic]$ chmod 755 inventory/*.py
[student@workstation inventory-dynamic]$ 
[student@workstation inventory-dynamic]$ ls -l inventory/
total 12
-rw-rw-r--. 1 student student  30 Mar 14 22:32 hosts
-rwxr-xr-x. 1 student student 640 Mar 14 22:32 inventorya.py
-rwxr-xr-x. 1 student student 617 Mar 14 22:32 inventoryw.py
[student@workstation inventory-dynamic]$ inventory/inventorya.py --list
{"webservers": {"hosts": ["servera.lab.example.com"], "vars": {}}}
[student@workstation inventory-dynamic]$ 
[student@workstation inventory-dynamic]$ 
[student@workstation inventory-dynamic]$ inventory/inventoryw.py --list
{"all": {"hosts": ["workstation.lab.example.com"], "vars": {}}}
[student@workstation inventory-dynamic]$ 
[student@workstation inventory-dynamic]$ 
[student@workstation inventory-dynamic]$ cat inventory/hosts 
[servers:children]
webservers
[student@workstation inventory-dynamic]$ 
[student@workstation inventory-dynamic]$ 
[student@workstation inventory-dynamic]$ ansible-navigator inventory -m stdout -i ./inventory --graph webservers
[WARNING]:  * Failed to parse /home/student/inventory-dynamic/inventory/hosts with yaml plugin: We were unable to read either as JSON nor YAML, these are the errors we got
from each: JSON: Expecting value: line 1 column 2 (char 1)  Syntax Error while loading YAML.   found unexpected ':'  The error appears to be in '/home/student/inventory-
dynamic/inventory/hosts': line 1, column 9, but may be elsewhere in the file depending on the exact syntax problem.  The offending line appears to be:   [servers:children]
^ here
[WARNING]:  * Failed to parse /home/student/inventory-dynamic/inventory/hosts with ini plugin: /home/student/inventory-dynamic/inventory/hosts:2: Section [servers:children]
includes undefined group: webservers
[WARNING]: Unable to parse /home/student/inventory-dynamic/inventory/hosts as an inventory source
@webservers:
  |--servera.lab.example.com
[student@workstation inventory-dynamic]$ cat inventory/hosts 
[servers:children]
webservers
[student@workstation inventory-dynamic]$ 
[student@workstation inventory-dynamic]$ 
[student@workstation inventory-dynamic]$ vim inventory/hosts
[student@workstation inventory-dynamic]$ cat inventory/hosts
[webservers]

[servers:children]
webservers
[student@workstation inventory-dynamic]$ 
[student@workstation inventory-dynamic]$ 
[student@workstation inventory-dynamic]$ ansible-navigator inventory -m stdout -i ./inventory --graph webservers
@webservers:
  |--servera.lab.example.com
[student@workstation inventory-dynamic]$ ansible-navigator inventory -m stdout -i ./inventory --graph 
@all:
  |--@servers:
  |  |--@webservers:
  |  |  |--servera.lab.example.com
  |--@ungrouped:
  |  |--workstation.lab.example.com
[student@workstation inventory-dynamic]$ cd
[student@workstation ~]$ lab finish inventory-dynamic 

Finishing lab.

 · Cleaning up the systems ........................................................................................................................................... SUCCESS

[student@workstation ~]$ 

